---
source: tests/torture.rs
expression: bubble_bath.clean(&input).unwrap()
input_file: tests/inputs/local_hosted_xml
---
&lt;xml src="xsstest.xml" id="I"&gt;&lt;/xml&gt;  
<SPAN></SPAN>
