---
source: tests/torture.rs
expression: bubble_bath.clean(&input).unwrap()
input_file: tests/inputs/iframe
---
&lt;iframe src="javascript:alert('XSS');"&gt;&lt;/iframe&gt;
