---
source: tests/torture.rs
expression: bubble_bath.clean(&input).unwrap()
input_file: tests/inputs/div_bgimg_extra_char
---
<DIV></div>
