---
source: tests/torture.rs
expression: bubble_bath.clean(&input).unwrap()
input_file: tests/inputs/list_style_image
---
<UL><LI>XSS</br></ul></li>
