---
source: tests/torture.rs
expression: bubble_bath.clean(&input).unwrap()
input_file: tests/inputs/body_tag
---
&lt;body onload="alert('XSS')"&gt;
