---
source: tests/torture.rs
expression: bubble_bath.clean(&input).unwrap()
input_file: tests/inputs/frameset
---
&lt;frameset&gt;&lt;frame src="javascript:alert('XSS');"&gt;&lt;/frameset&gt;
