---
source: tests/torture.rs
expression: bubble_bath.clean(&input).unwrap()
input_file: tests/inputs/local_htc_file
---
&lt;xss style="behavior: url(xss.htc);"&gt;
