---
source: tests/torture.rs
expression: "bubble_bath::clean(&input).unwrap()"
input_file: tests/inputs/img_src_embedded_tab
---
<IMG></img>
