---
source: tests/torture.rs
expression: "bubble_bath::clean(&input).unwrap()"
input_file: tests/inputs/end_title_tag
---
</TITLE>
