---
source: tests/torture.rs
expression: bubble_bath.clean(&input).unwrap()
input_file: tests/inputs/malformed_image
---
<IMG>&quot;&gt;</img>
