---
source: tests/torture.rs
expression: bubble_bath.clean(&input).unwrap()
input_file: tests/inputs/input_image
---
&lt;input type="IMAGE" src="javascript:alert('XSS');"&gt;
