---
source: tests/torture.rs
expression: "bubble_bath::clean(&input).unwrap()"
input_file: tests/inputs/broken_script_tags
---
&quot;&quot;&gt;
