---
source: tests/torture.rs
expression: bubble_bath.clean(&input).unwrap()
input_file: tests/inputs/bgsound
---
&lt;bgsound src="javascript:alert('XSS');"&gt;
