---
source: tests/torture.rs
expression: bubble_bath.clean(&input).unwrap()
input_file: tests/inputs/remote_style_sheet_3
---
&lt;meta http-equiv="Link" content="&lt;http://xss.rocks/xss.css&gt;; REL=stylesheet"&gt;
