---
source: tests/torture.rs
expression: "bubble_bath::clean(&input).unwrap()"
input_file: tests/inputs/font_tag
---
&gt;&gt;&gt;&lt;&lt;&gt;&gt;HAHAH
