---
source: tests/torture.rs
expression: bubble_bath.clean(&input).unwrap()
input_file: tests/inputs/from_char_code
---
<IMG></img>
