---
source: tests/torture.rs
expression: bubble_bath.clean(&input).unwrap()
input_file: tests/inputs/style_sheet
---
&lt;link rel="stylesheet" href="javascript:alert('XSS');"&gt;
