---
source: tests/torture.rs
expression: bubble_bath.clean(&input).unwrap()
input_file: tests/inputs/body_image
---
&lt;body background="javascript:alert('XSS')"&gt;
