---
source: tests/torture.rs
expression: bubble_bath.clean(&input).unwrap()
input_file: tests/inputs/iframe_event_based
---
&lt;iframe src="#" onmouseover="alert(document.cookie)"&gt;&lt;/iframe&gt;
