---
source: tests/torture.rs
expression: "bubble_bath::clean(&input).unwrap()"
input_file: tests/inputs/malformed_link_1
---
\<a rel="noopener noreferrer">xxs link\</a\></a>
