---
source: tests/torture.rs
expression: bubble_bath.clean(&input).unwrap()
input_file: tests/inputs/anonymous_html_w_style
---
&lt;xss style="xss:expression(alert('XSS'))"&gt;
