---
source: tests/torture.rs
expression: "bubble_bath::clean(&input).unwrap()"
input_file: tests/inputs/remote_style_sheet_2
---

