---
source: tests/torture.rs
expression: bubble_bath.clean(&input).unwrap()
input_file: tests/inputs/meta_using_data
---
&lt;meta http-equiv="refresh" content="0;url=data:text/html base64,PHNjcmlwdD5hbGVydCgnWFNTJyk8L3NjcmlwdD4K"&gt;
