---
source: tests/torture.rs
expression: bubble_bath.clean(&input).unwrap()
input_file: tests/inputs/svg_object_tag
---
&lt;svg onload="alert('XSS')"&gt;
