---
source: tests/torture.rs
expression: bubble_bath.clean(&input).unwrap()
input_file: tests/inputs/script_weird_ie_and_gecko
---

